// Vitest Snapshot v1, https://vitest.dev/guide/snapshot.html

exports[`Test LoaderBall component > should match spanshot 1`] = `
"<div class="flex flex-col justify-center items-center">
  <p class="text-xl text-white text-center font-bold mb-10">Cargando...</p><img src="/pokeball.svg" alt="pokeball loader" class="max-w-32 animate-spin">
</div>"
`;
